// Jest Snapshot v1, https://goo.gl/fbAQLP

exports[`Link component should renders correctly 1`] = `<Loader />`;
